============================= test session starts =============================
platform win32 -- Python 3.14.0, pytest-9.1.0, pluggy-1.6.0 -- C:\Users\sevar\PycharmProjects\ADOsite\.venv\Scripts\python.exe
cachedir: .pytest_cache
rootdir: C:\Users\sevar\PycharmProjects\ADOsite
configfile: pytest.ini
plugins: allure-pytest-2.16.0, anyio-4.13.0
collecting ... collected 58 items

tests/api/test_status_code.py::TestApiStatusCodes::test_main_page_200 PASSED [  1%]
tests/api/test_status_code.py::TestApiStatusCodes::test_404_page PASSED  [  3%]
tests/api/test_status_code.py::TestApiStatusCodes::test_collections_200[shinzou-Shinzou] PASSED [  5%]
tests/api/test_status_code.py::TestApiStatusCodes::test_collections_200[2nd-original-album-zanmu-Zanmu] PASSED [  6%]
tests/api/test_status_code.py::TestApiStatusCodes::test_collections_200[hibana-Hibana] PASSED [  8%]
tests/api/test_status_code.py::TestApiStatusCodes::test_collections_200[ados-best-adobum-Ado's Best Adobum] PASSED [ 10%]
tests/api/test_status_code.py::TestApiStatusCodes::test_collections_200[phantom-siita-Phantom Siita] PASSED [ 12%]
tests/api/test_status_code.py::TestApiStatusCodes::test_collections_200[all-merch-All Merch] PASSED [ 13%]
tests/api/test_status_code.py::TestApiStatusCodes::test_cart_redirect PASSED [ 15%]
tests/api/test_status_code.py::TestApiPerformance::test_main_page_speed PASSED [ 17%]
tests/api/test_status_code.py::TestApiPerformance::test_collection_speed[shinzou-Shinzou] PASSED [ 18%]
tests/api/test_status_code.py::TestApiPerformance::test_collection_speed[2nd-original-album-zanmu-Zanmu] PASSED [ 20%]
tests/api/test_status_code.py::TestApiPerformance::test_collection_speed[hibana-Hibana] PASSED [ 22%]
tests/api/test_status_code.py::TestApiPerformance::test_collection_speed[ados-best-adobum-Ado's Best Adobum] PASSED [ 24%]
tests/api/test_status_code.py::TestApiPerformance::test_collection_speed[phantom-siita-Phantom Siita] PASSED [ 25%]
tests/api/test_status_code.py::TestApiPerformance::test_collection_speed[all-merch-All Merch] PASSED [ 27%]
tests/api/test_status_code.py::TestApiHeaders::test_content_type PASSED  [ 29%]
tests/api/test_status_code.py::TestApiHeaders::test_server_shopify PASSED [ 31%]
tests/api/test_status_code.py::TestApiHeaders::test_security_headers PASSED [ 32%]
tests/api/test_status_code.py::TestApiContent::test_main_contains_ado PASSED [ 34%]
tests/api/test_status_code.py::TestApiContent::test_main_has_nav PASSED  [ 36%]
tests/api/test_status_code.py::TestApiContent::test_collections_have_products[shinzou-Shinzou] PASSED [ 37%]
tests/api/test_status_code.py::TestApiContent::test_collections_have_products[2nd-original-album-zanmu-Zanmu] PASSED [ 39%]
tests/api/test_status_code.py::TestApiContent::test_collections_have_products[hibana-Hibana] PASSED [ 41%]
tests/api/test_status_code.py::TestApiContent::test_products_json PASSED [ 43%]
tests/ui/test_adoshop.py::test_ado_shop PASSED                           [ 44%]
tests/ui/test_adoshop.py::test_header_elements PASSED                    [ 46%]
tests/ui/test_business.py::TestBusinessScenarioPurchase::test_add_to_cart_flow PASSED [ 48%]
tests/ui/test_business.py::TestBusinessScenarioNavigation::test_navigation_between_collections PASSED [ 50%]
tests/ui/test_business.py::TestBusinessScenarioSearch::test_search_product_flow PASSED [ 51%]
tests/ui/test_elements.py::TestElementVisibility::test_header_visible PASSED [ 53%]
tests/ui/test_elements.py::TestElementVisibility::test_footer_visible PASSED [ 55%]
tests/ui/test_elements.py::TestElementVisibility::test_cart_button_visible PASSED [ 56%]
tests/ui/test_elements.py::TestElementVisibility::test_nav_buttons_visible PASSED [ 58%]
tests/ui/test_elements.py::TestElementVisibility::test_logo_has_size PASSED [ 60%]
tests/ui/test_elements.py::TestElementVisibility::test_search_icon_visible PASSED [ 62%]
tests/ui/test_elements.py::TestProductCardVisibility::test_product_cards_visible PASSED [ 63%]
tests/ui/test_elements.py::TestProductCardVisibility::test_product_cards_have_images PASSED [ 65%]
tests/ui/test_elements.py::TestProductPageVisibility::test_product_info_visible PASSED [ 67%]
tests/ui/test_elements.py::TestProductPageVisibility::test_product_price_visible PASSED [ 68%]
tests/ui/test_spellcheck.py::TestSpellCheck::test_main_page_typos PASSED [ 70%]
tests/ui/test_spellcheck.py::TestSpellCheck::test_header_typos PASSED    [ 72%]
tests/ui/test_spellcheck.py::TestSpellCheck::test_footer_typos PASSED    [ 74%]
tests/ui/test_spellcheck.py::TestSpellCheck::test_product_text_typos PASSED [ 75%]
tests/ui/test_ui.py::TestHeader::test_header_nav_buttons PASSED          [ 77%]
tests/ui/test_ui.py::TestHeader::test_logo_visible PASSED                [ 79%]
tests/ui/test_ui.py::TestHeader::test_cart_icon PASSED                   [ 81%]
tests/ui/test_ui.py::TestFooter::test_footer_exists PASSED               [ 82%]
tests/ui/test_ui.py::TestFooter::test_footer_copyright PASSED            [ 84%]
tests/ui/test_ui.py::TestCollections::test_collection_loads[shinzou-Shinzou] PASSED [ 86%]
tests/ui/test_ui.py::TestCollections::test_collection_loads[hibana-Hibana] PASSED [ 87%]
tests/ui/test_ui.py::TestCollections::test_collection_loads[2nd-original-album-zanmu-Zanmu] PASSED [ 89%]
tests/ui/test_ui.py::TestCollections::test_collection_has_products[shinzou-Shinzou] PASSED [ 91%]
tests/ui/test_ui.py::TestCollections::test_collection_has_products[hibana-Hibana] PASSED [ 93%]
tests/ui/test_ui.py::TestCollections::test_collection_has_products[2nd-original-album-zanmu-Zanmu] PASSED [ 94%]
tests/ui/test_ui.py::TestProductPage::test_product_from_collection PASSED [ 96%]
tests/ui/test_ui.py::TestSearch::test_search_opens PASSED                [ 98%]
tests/ui/test_ui.py::TestPageSize::test_main_page_size PASSED            [100%]

============================== 58 passed in 290.10s ==============================